# 06 — WORKSPACE-LOCAL landing: `gearserv.NewApp` (import of the module's
# own root package) — external=false, source_root = the probe root.
# LAYOUT-BASED: modcache/ is a checked-in directory layout — no go toolchain was run to produce this outcome.
symbol=gearserv.NewApp
from_file=cmd/gearserv/main.go
scope=[]
root=project
kind=resolved
external=false
file=project/app.go
source_root=project
line=24
