# 08 — ALIASED import with the REAL hint (011-08 FINDING — FIXED by the
# fix-alias composition): `import pe "github.com/pkg/errors"`
# (internal/audit/audit.go) with the handoff hint mapping the alias to its
# real path (["errors","Wrap"]). The go provider now composes
# scope_qualified(...).or_else(scope_qualified_alias(...)) exactly like the
# JS provider: the PATH-SHAPED `pe.Wrap` rewrites to `errors.Wrap` and lands
# on the `Wrap` definition in the module cache (wrap.go:5) through the SAME
# go.mod / module-cache machinery. This golden flipped from the "package
# `pe` is not a required module" bail to the RESOLVED landing (a conscious
# diff — the identity/mismatched/unhinted no-op cases stay pinned by the
# provider unit tests).
# LAYOUT-BASED: modcache/ is a checked-in directory layout — no go toolchain was run to produce this outcome.
symbol=pe.Wrap
from_file=internal/audit/audit.go
scope=["errors","Wrap"]
root=project
kind=resolved
external=true
file=modcache/github.com/pkg/errors@v0.9.1/wrap.go
source_root=modcache/github.com/pkg/errors@v0.9.1
line=5
