# golden for probe `relative-member-live-ws`  (011-08 js lane)
# anchor: src/app.js:47   symbol: `legacyJoin`   scope: ["./legacy-util", "legacyJoin"]   mode: live
# note: the relative hint probed where node_modules IS populated: the relative specifier lands in the sibling file BEFORE any node_modules probe — `node_modules/.` is never probed as a package (fix-jsrel; was the entry-point bail on `node_modules/.`).
kind: resolved
external: false
source_root: src
file: legacy-util.js
line: 10
