# golden for probe `relative-import-whole-bail`  (011-08 js lane)
# anchor: src/legacy.cjs:15   symbol: `legacy`   scope: ["./legacy-util"]   mode: deterministic
# note: relative specifier (whole-module binding): the fixed behavior LANDS in the SIBLING file src/legacy-util.js (workspace-local, external = false, line null) — the leading `./` is a workspace-relative import, never a package (fix-jsrel; was the base-package-`.` offline refusal).
kind: resolved
external: false
source_root: src
file: legacy-util.js
line: null
